current directory: /Users/maxpienkny/Library/CloudStorage/Dropbox/Personal_Website/maxpienkny.github.io/vendor/bundle/ruby/3.4.0/gems/bigdecimal-3.1.9/ext/bigdecimal
/opt/homebrew/opt/ruby/bin/ruby extconf.rb
checking for __builtin_clz()... yes
checking for __builtin_clzl()... yes
checking for __builtin_clzll()... yes
checking for float.h... yes
checking for math.h... yes
checking for stdbool.h... yes
checking for stdlib.h... yes
checking for x86intrin.h... no
checking for intrin.h... no
checking for labs() in stdlib.h... yes
checking for llabs() in stdlib.h... yes
checking for finite() in math.h... no
checking for isfinite() in math.h... no
checking for ruby/atomic.h... yes
checking for ruby/internal/has/builtin.h... yes
checking for ruby/internal/static_assert.h... yes
checking for rb_rational_num() in ruby.h... yes
checking for rb_rational_den() in ruby.h... yes
checking for rb_complex_real() in ruby.h... yes
checking for rb_complex_imag() in ruby.h... yes
checking for rb_opts_exception_p() in ruby.h... yes
checking for rb_category_warn() in ruby.h... yes
checking for RB_WARN_CATEGORY_DEPRECATED in ruby.h... yes
creating Makefile

current directory: /Users/maxpienkny/Library/CloudStorage/Dropbox/Personal_Website/maxpienkny.github.io/vendor/bundle/ruby/3.4.0/gems/bigdecimal-3.1.9/ext/bigdecimal
make DESTDIR\= sitearchdir\=./.gem.20260801-51544-f0p9tw sitelibdir\=./.gem.20260801-51544-f0p9tw clean

current directory: /Users/maxpienkny/Library/CloudStorage/Dropbox/Personal_Website/maxpienkny.github.io/vendor/bundle/ruby/3.4.0/gems/bigdecimal-3.1.9/ext/bigdecimal
make DESTDIR\= sitearchdir\=./.gem.20260801-51544-f0p9tw sitelibdir\=./.gem.20260801-51544-f0p9tw
compiling bigdecimal.c
compiling missing.c
linking shared-object bigdecimal.bundle
ld: warning: search path '/opt/homebrew/Cellar/openssl@3/3.4.1/lib' not found
ld: warning: search path '/opt/homebrew/Cellar/openssl@3/3.4.1/lib' not found

current directory: /Users/maxpienkny/Library/CloudStorage/Dropbox/Personal_Website/maxpienkny.github.io/vendor/bundle/ruby/3.4.0/gems/bigdecimal-3.1.9/ext/bigdecimal
make DESTDIR\= sitearchdir\=./.gem.20260801-51544-f0p9tw sitelibdir\=./.gem.20260801-51544-f0p9tw install
/usr/bin/install -c -m 0755 bigdecimal.bundle ./.gem.20260801-51544-f0p9tw

current directory: /Users/maxpienkny/Library/CloudStorage/Dropbox/Personal_Website/maxpienkny.github.io/vendor/bundle/ruby/3.4.0/gems/bigdecimal-3.1.9/ext/bigdecimal
make DESTDIR\= sitearchdir\=./.gem.20260801-51544-f0p9tw sitelibdir\=./.gem.20260801-51544-f0p9tw clean
