current directory: /Users/maxpienkny/Library/CloudStorage/Dropbox/Personal_Website/maxpienkny.github.io/vendor/bundle/ruby/3.4.0/gems/json-2.10.2/ext/json/ext/parser
/opt/homebrew/opt/ruby/bin/ruby extconf.rb
checking for rb_enc_interned_str() in ruby.h... yes
checking for rb_hash_new_capa() in ruby.h... yes
checking for rb_hash_bulk_insert() in ruby.h... yes
checking for rb_category_warn() in ruby.h... yes
checking for strnlen() in string.h... yes
checking for whether -std=c99 is accepted as CFLAGS... yes
creating Makefile

current directory: /Users/maxpienkny/Library/CloudStorage/Dropbox/Personal_Website/maxpienkny.github.io/vendor/bundle/ruby/3.4.0/gems/json-2.10.2/ext/json/ext/parser
make DESTDIR\= sitearchdir\=./.gem.20260801-51544-sxy3fa sitelibdir\=./.gem.20260801-51544-sxy3fa clean

current directory: /Users/maxpienkny/Library/CloudStorage/Dropbox/Personal_Website/maxpienkny.github.io/vendor/bundle/ruby/3.4.0/gems/json-2.10.2/ext/json/ext/parser
make DESTDIR\= sitearchdir\=./.gem.20260801-51544-sxy3fa sitelibdir\=./.gem.20260801-51544-sxy3fa
compiling parser.c
linking shared-object json/ext/parser.bundle
ld: warning: search path '/opt/homebrew/Cellar/openssl@3/3.4.1/lib' not found
ld: warning: search path '/opt/homebrew/Cellar/openssl@3/3.4.1/lib' not found

current directory: /Users/maxpienkny/Library/CloudStorage/Dropbox/Personal_Website/maxpienkny.github.io/vendor/bundle/ruby/3.4.0/gems/json-2.10.2/ext/json/ext/parser
make DESTDIR\= sitearchdir\=./.gem.20260801-51544-sxy3fa sitelibdir\=./.gem.20260801-51544-sxy3fa install
/usr/bin/install -c -m 0755 parser.bundle ./.gem.20260801-51544-sxy3fa/json/ext

current directory: /Users/maxpienkny/Library/CloudStorage/Dropbox/Personal_Website/maxpienkny.github.io/vendor/bundle/ruby/3.4.0/gems/json-2.10.2/ext/json/ext/parser
make DESTDIR\= sitearchdir\=./.gem.20260801-51544-sxy3fa sitelibdir\=./.gem.20260801-51544-sxy3fa clean
